


//
Author : Deepak C Varghese
Tool   : nmap
OS     : Kali
Type   : Port Scanning
URL    :https://nmap.org/
Module :
//


root@kali:~# 
root@kali:~# ifconfig
eth0: flags=4163<UP,BROADCAST,RUNNING,MULTICAST>  mtu 1500
        inet 192.168.18.39  netmask 255.255.255.0  broadcast 192.168.18.255
        inet6 fe80::a00:27ff:fe9a:50fd  prefixlen 64  scopeid 0x20<link>
        ether 08:00:27:9a:50:fd  txqueuelen 1000  (Ethernet)
        RX packets 2164  bytes 1337314 (1.2 MiB)
        RX errors 0  dropped 0  overruns 0  frame 0
        TX packets 2020  bytes 235478 (229.9 KiB)
        TX errors 0  dropped 0 overruns 0  carrier 0  collisions 0

lo: flags=73<UP,LOOPBACK,RUNNING>  mtu 65536
        inet 127.0.0.1  netmask 255.0.0.0
        inet6 ::1  prefixlen 128  scopeid 0x10<host>
        loop  txqueuelen 1000  (Local Loopback)
        RX packets 20  bytes 1116 (1.0 KiB)
        RX errors 0  dropped 0  overruns 0  frame 0
        TX packets 20  bytes 1116 (1.0 KiB)
        TX errors 0  dropped 0 overruns 0  carrier 0  collisions 0

root@kali:~# nmap --help
Nmap 7.80 ( https://nmap.org )
Usage: nmap [Scan Type(s)] [Options] {target specification}
TARGET SPECIFICATION:
  Can pass hostnames, IP addresses, networks, etc.
  Ex: scanme.nmap.org, microsoft.com/24, 192.168.0.1; 10.0.0-255.1-254
  -iL <inputfilename>: Input from list of hosts/networks
  -iR <num hosts>: Choose random targets
  --exclude <host1[,host2][,host3],...>: Exclude hosts/networks
  --excludefile <exclude_file>: Exclude list from file
HOST DISCOVERY:
  -sL: List Scan - simply list targets to scan
  -sn: Ping Scan - disable port scan
  -Pn: Treat all hosts as online -- skip host discovery
  -PS/PA/PU/PY[portlist]: TCP SYN/ACK, UDP or SCTP discovery to given ports
  -PE/PP/PM: ICMP echo, timestamp, and netmask request discovery probes
  -PO[protocol list]: IP Protocol Ping
  -n/-R: Never do DNS resolution/Always resolve [default: sometimes]
  --dns-servers <serv1[,serv2],...>: Specify custom DNS servers
  --system-dns: Use OS's DNS resolver
  --traceroute: Trace hop path to each host
SCAN TECHNIQUES:
  -sS/sT/sA/sW/sM: TCP SYN/Connect()/ACK/Window/Maimon scans
  -sU: UDP Scan
  -sN/sF/sX: TCP Null, FIN, and Xmas scans
  --scanflags <flags>: Customize TCP scan flags
  -sI <zombie host[:probeport]>: Idle scan
  -sY/sZ: SCTP INIT/COOKIE-ECHO scans
  -sO: IP protocol scan
  -b <FTP relay host>: FTP bounce scan
PORT SPECIFICATION AND SCAN ORDER:
  -p <port ranges>: Only scan specified ports
    Ex: -p22; -p1-65535; -p U:53,111,137,T:21-25,80,139,8080,S:9
  --exclude-ports <port ranges>: Exclude the specified ports from scanning
  -F: Fast mode - Scan fewer ports than the default scan
  -r: Scan ports consecutively - don't randomize
  --top-ports <number>: Scan <number> most common ports
  --port-ratio <ratio>: Scan ports more common than <ratio>
SERVICE/VERSION DETECTION:
  -sV: Probe open ports to determine service/version info
  --version-intensity <level>: Set from 0 (light) to 9 (try all probes)
  --version-light: Limit to most likely probes (intensity 2)
  --version-all: Try every single probe (intensity 9)
  --version-trace: Show detailed version scan activity (for debugging)
SCRIPT SCAN:
  -sC: equivalent to --script=default
  --script=<Lua scripts>: <Lua scripts> is a comma separated list of
           directories, script-files or script-categories
  --script-args=<n1=v1,[n2=v2,...]>: provide arguments to scripts
  --script-args-file=filename: provide NSE script args in a file
  --script-trace: Show all data sent and received
  --script-updatedb: Update the script database.
  --script-help=<Lua scripts>: Show help about scripts.
           <Lua scripts> is a comma-separated list of script-files or
           script-categories.
OS DETECTION:
  -O: Enable OS detection
  --osscan-limit: Limit OS detection to promising targets
  --osscan-guess: Guess OS more aggressively
TIMING AND PERFORMANCE:
  Options which take <time> are in seconds, or append 'ms' (milliseconds),
  's' (seconds), 'm' (minutes), or 'h' (hours) to the value (e.g. 30m).
  -T<0-5>: Set timing template (higher is faster)
  --min-hostgroup/max-hostgroup <size>: Parallel host scan group sizes
  --min-parallelism/max-parallelism <numprobes>: Probe parallelization
  --min-rtt-timeout/max-rtt-timeout/initial-rtt-timeout <time>: Specifies
      probe round trip time.
  --max-retries <tries>: Caps number of port scan probe retransmissions.
  --host-timeout <time>: Give up on target after this long
  --scan-delay/--max-scan-delay <time>: Adjust delay between probes
  --min-rate <number>: Send packets no slower than <number> per second
  --max-rate <number>: Send packets no faster than <number> per second
FIREWALL/IDS EVASION AND SPOOFING:
  -f; --mtu <val>: fragment packets (optionally w/given MTU)
  -D <decoy1,decoy2[,ME],...>: Cloak a scan with decoys
  -S <IP_Address>: Spoof source address
  -e <iface>: Use specified interface
  -g/--source-port <portnum>: Use given port number
  --proxies <url1,[url2],...>: Relay connections through HTTP/SOCKS4 proxies
  --data <hex string>: Append a custom payload to sent packets
  --data-string <string>: Append a custom ASCII string to sent packets
  --data-length <num>: Append random data to sent packets
  --ip-options <options>: Send packets with specified ip options
  --ttl <val>: Set IP time-to-live field
  --spoof-mac <mac address/prefix/vendor name>: Spoof your MAC address
  --badsum: Send packets with a bogus TCP/UDP/SCTP checksum
OUTPUT:
  -oN/-oX/-oS/-oG <file>: Output scan in normal, XML, s|<rIpt kIddi3,
     and Grepable format, respectively, to the given filename.
  -oA <basename>: Output in the three major formats at once
  -v: Increase verbosity level (use -vv or more for greater effect)
  -d: Increase debugging level (use -dd or more for greater effect)
  --reason: Display the reason a port is in a particular state
  --open: Only show open (or possibly open) ports
  --packet-trace: Show all packets sent and received
  --iflist: Print host interfaces and routes (for debugging)
  --append-output: Append to rather than clobber specified output files
  --resume <filename>: Resume an aborted scan
  --stylesheet <path/URL>: XSL stylesheet to transform XML output to HTML
  --webxml: Reference stylesheet from Nmap.Org for more portable XML
  --no-stylesheet: Prevent associating of XSL stylesheet w/XML output
MISC:
  -6: Enable IPv6 scanning
  -A: Enable OS detection, version detection, script scanning, and traceroute
  --datadir <dirname>: Specify custom Nmap data file location
  --send-eth/--send-ip: Send using raw ethernet frames or IP packets
  --privileged: Assume that the user is fully privileged
  --unprivileged: Assume the user lacks raw socket privileges
  -V: Print version number
  -h: Print this help summary page.
EXAMPLES:
  nmap -v -A scanme.nmap.org
  nmap -v -sn 192.168.0.0/16 10.0.0.0/8
  nmap -v -iR 10000 -Pn -p 80
SEE THE MAN PAGE (https://nmap.org/book/man.html) FOR MORE OPTIONS AND EXAMPLES
root@kali:~# nmap 192.168.18.1/24
Starting Nmap 7.80 ( https://nmap.org ) at 2021-05-24 12:39 IST
Nmap scan report for 192.168.18.1
Host is up (0.0037s latency).
Not shown: 995 closed ports
PORT   STATE    SERVICE
21/tcp filtered ftp
22/tcp filtered ssh
23/tcp filtered telnet
53/tcp open     domain
80/tcp open     http
MAC Address: DC:21:E2:6E:8E:2E (Unknown)

Nmap scan report for 192.168.18.4
Host is up (0.17s latency).
Not shown: 995 closed ports
PORT     STATE SERVICE
8008/tcp open  http
8009/tcp open  ajp13
8443/tcp open  https-alt
9000/tcp open  cslistener
9080/tcp open  glrpc
MAC Address: 0C:9A:42:10:6E:AF (Fn-link Technology Limited)

Nmap scan report for 192.168.18.6
Host is up (0.0041s latency).
Not shown: 999 closed ports
PORT     STATE    SERVICE
5060/tcp filtered sip
MAC Address: B4:C4:FC:B2:ED:26 (Xiaomi Communications)

Nmap scan report for 192.168.18.9
Host is up (0.00044s latency).
Not shown: 998 filtered ports
PORT     STATE SERVICE
1042/tcp open  afrog
1043/tcp open  boinc
MAC Address: 26:B7:56:AC:96:02 (Unknown)

Nmap scan report for 192.168.18.40
Host is up (0.00022s latency).
Not shown: 997 closed ports
PORT     STATE SERVICE
22/tcp   open  ssh
80/tcp   open  http
6667/tcp open  irc
MAC Address: 08:00:27:1B:41:D1 (Oracle VirtualBox virtual NIC)

Nmap scan report for 192.168.18.39
Host is up (0.0000090s latency).
Not shown: 999 closed ports
PORT    STATE SERVICE
111/tcp open  rpcbind

Nmap done: 256 IP addresses (6 hosts up) scanned in 16.04 seconds

root@kali:~# nmap -sV 192.168.18.40
Starting Nmap 7.80 ( https://nmap.org ) at 2021-05-24 12:42 IST
Nmap scan report for 192.168.18.40
Host is up (0.00011s latency).
Not shown: 997 closed ports
PORT     STATE SERVICE VERSION
22/tcp   open  ssh     OpenSSH 7.9p1 Debian 10+deb10u2 (protocol 2.0)
80/tcp   open  http    Apache httpd 2.4.38 ((Debian))
6667/tcp open  irc     UnrealIRCd
MAC Address: 08:00:27:1B:41:D1 (Oracle VirtualBox virtual NIC)
Service Info: Host: irc.foonet.com; OS: Linux; CPE: cpe:/o:linux:linux_kernel

Service detection performed. Please report any incorrect results at https://nmap.org/submit/ .
Nmap done: 1 IP address (1 host up) scanned in 6.83 seconds
root@kali:~# nmap -sV 192.168.18.6
Starting Nmap 7.80 ( https://nmap.org ) at 2021-05-24 12:43 IST
Nmap scan report for 192.168.18.6
Host is up (0.0055s latency).
Not shown: 999 closed ports
PORT     STATE    SERVICE VERSION
5060/tcp filtered sip
MAC Address: B4:C4:FC:B2:ED:26 (Xiaomi Communications)

Service detection performed. Please report any incorrect results at https://nmap.org/submit/ .
Nmap done: 1 IP address (1 host up) scanned in 4.27 seconds
root@kali:~# nmap -sV 192.168.18.40
Starting Nmap 7.80 ( https://nmap.org ) at 2021-05-24 12:43 IST
Nmap scan report for 192.168.18.40
Host is up (0.000089s latency).
Not shown: 997 closed ports
PORT     STATE SERVICE VERSION
22/tcp   open  ssh     OpenSSH 7.9p1 Debian 10+deb10u2 (protocol 2.0)
80/tcp   open  http    Apache httpd 2.4.38 ((Debian))
6667/tcp open  irc     UnrealIRCd
MAC Address: 08:00:27:1B:41:D1 (Oracle VirtualBox virtual NIC)
Service Info: Host: irc.foonet.com; OS: Linux; CPE: cpe:/o:linux:linux_kernel

Service detection performed. Please report any incorrect results at https://nmap.org/submit/ .
Nmap done: 1 IP address (1 host up) scanned in 6.82 seconds
root@kali:~# nmap -o 192.168.18.6
Starting Nmap 7.80 ( https://nmap.org ) at 2021-05-24 12:44 IST
WARNING: No targets were specified, so 0 hosts scanned.
Nmap done: 0 IP addresses (0 hosts up) scanned in 0.05 seconds
root@kali:~# nmap -O 192.168.18.6
Starting Nmap 7.80 ( https://nmap.org ) at 2021-05-24 12:45 IST
Nmap scan report for 192.168.18.6
Host is up (0.0089s latency).
Not shown: 999 closed ports
PORT     STATE    SERVICE
5060/tcp filtered sip
MAC Address: B4:C4:FC:B2:ED:26 (Xiaomi Communications)
Too many fingerprints match this host to give specific OS details
Network Distance: 1 hop

OS detection performed. Please report any incorrect results at https://nmap.org/submit/ .
Nmap done: 1 IP address (1 host up) scanned in 4.73 seconds
root@kali:~# nmap -O 192.168.18.40
Starting Nmap 7.80 ( https://nmap.org ) at 2021-05-24 12:45 IST
Nmap scan report for 192.168.18.40
Host is up (0.00042s latency).
Not shown: 997 closed ports
PORT     STATE SERVICE
22/tcp   open  ssh
80/tcp   open  http
6667/tcp open  irc
MAC Address: 08:00:27:1B:41:D1 (Oracle VirtualBox virtual NIC)
Device type: general purpose
Running: Linux 3.X|4.X
OS CPE: cpe:/o:linux:linux_kernel:3 cpe:/o:linux:linux_kernel:4
OS details: Linux 3.2 - 4.9
Network Distance: 1 hop

OS detection performed. Please report any incorrect results at https://nmap.org/submit/ .
Nmap done: 1 IP address (1 host up) scanned in 2.25 seconds
root@kali:~# 
root@kali:~# 
root@kali:~# 
root@kali:~# 
root@kali:~# 
root@kali:~# 
root@kali:~# 
root@kali:~# nmap -A 192.168.18.40
Starting Nmap 7.80 ( https://nmap.org ) at 2021-05-24 12:45 IST
Nmap scan report for 192.168.18.40
Host is up (0.00038s latency).
Not shown: 997 closed ports
PORT     STATE SERVICE VERSION
22/tcp   open  ssh     OpenSSH 7.9p1 Debian 10+deb10u2 (protocol 2.0)
| ssh-hostkey: 
|   2048 26:c7:9e:f4:79:8a:a8:c3:fa:c4:d6:ae:44:5f:4c:2a (RSA)
|   256 e6:69:31:36:74:57:de:4d:e4:6a:65:98:a6:a7:7e:e7 (ECDSA)
|_  256 a9:b3:4e:cf:e0:7e:ea:33:84:d7:b8:75:02:b5:a8:e7 (ED25519)
80/tcp   open  http    Apache httpd 2.4.38 ((Debian))
|_http-server-header: Apache/2.4.38 (Debian)
|_http-title: Apache2 Debian Default Page: It works
6667/tcp open  irc     UnrealIRCd
MAC Address: 08:00:27:1B:41:D1 (Oracle VirtualBox virtual NIC)
Device type: general purpose
Running: Linux 3.X|4.X
OS CPE: cpe:/o:linux:linux_kernel:3 cpe:/o:linux:linux_kernel:4
OS details: Linux 3.2 - 4.9
Network Distance: 1 hop
Service Info: Host: irc.foonet.com; OS: Linux; CPE: cpe:/o:linux:linux_kernel

TRACEROUTE
HOP RTT     ADDRESS
1   0.38 ms 192.168.18.40

OS and Service detection performed. Please report any incorrect results at https://nmap.org/submit/ .
Nmap done: 1 IP address (1 host up) scanned in 16.93 seconds
root@kali:~# nmap -A 192.168.18.6
Starting Nmap 7.80 ( https://nmap.org ) at 2021-05-24 12:46 IST
Nmap scan report for 192.168.18.6
Host is up (0.0098s latency).
Not shown: 999 closed ports
PORT     STATE    SERVICE VERSION
5060/tcp filtered sip
MAC Address: B4:C4:FC:B2:ED:26 (Xiaomi Communications)
Too many fingerprints match this host to give specific OS details
Network Distance: 1 hop

TRACEROUTE
HOP RTT     ADDRESS
1   9.81 ms 192.168.18.6

OS and Service detection performed. Please report any incorrect results at https://nmap.org/submit/ .
Nmap done: 1 IP address (1 host up) scanned in 5.47 seconds
root@kali:~# 
root@kali:~# 
root@kali:~# 
root@kali:~# nmap -p- 192.168.18.40
Starting Nmap 7.80 ( https://nmap.org ) at 2021-05-24 12:47 IST
Nmap scan report for 192.168.18.40
Host is up (0.00013s latency).
Not shown: 65530 closed ports
PORT     STATE SERVICE
22/tcp   open  ssh
80/tcp   open  http
6667/tcp open  irc
6697/tcp open  ircs-u
8067/tcp open  infi-async
MAC Address: 08:00:27:1B:41:D1 (Oracle VirtualBox virtual NIC)

Nmap done: 1 IP address (1 host up) scanned in 1.90 seconds
root@kali:~# sudo nmap -A 192.168.18.40 -oA unreal_nmap_out
Starting Nmap 7.80 ( https://nmap.org ) at 2021-05-24 12:50 IST
Nmap scan report for 192.168.18.40
Host is up (0.00040s latency).
Not shown: 997 closed ports
PORT     STATE SERVICE VERSION
22/tcp   open  ssh     OpenSSH 7.9p1 Debian 10+deb10u2 (protocol 2.0)
| ssh-hostkey: 
|   2048 26:c7:9e:f4:79:8a:a8:c3:fa:c4:d6:ae:44:5f:4c:2a (RSA)
|   256 e6:69:31:36:74:57:de:4d:e4:6a:65:98:a6:a7:7e:e7 (ECDSA)
|_  256 a9:b3:4e:cf:e0:7e:ea:33:84:d7:b8:75:02:b5:a8:e7 (ED25519)
80/tcp   open  http    Apache httpd 2.4.38 ((Debian))
|_http-server-header: Apache/2.4.38 (Debian)
|_http-title: Apache2 Debian Default Page: It works
6667/tcp open  irc     UnrealIRCd
MAC Address: 08:00:27:1B:41:D1 (Oracle VirtualBox virtual NIC)
Device type: general purpose
Running: Linux 3.X|4.X
OS CPE: cpe:/o:linux:linux_kernel:3 cpe:/o:linux:linux_kernel:4
OS details: Linux 3.2 - 4.9
Network Distance: 1 hop
Service Info: Host: irc.foonet.com; OS: Linux; CPE: cpe:/o:linux:linux_kernel

TRACEROUTE
HOP RTT     ADDRESS
1   0.40 ms 192.168.18.40

OS and Service detection performed. Please report any incorrect results at https://nmap.org/submit/ .
Nmap done: 1 IP address (1 host up) scanned in 17.11 seconds
root@kali:~# ls -lrt
total 56
drwxr-xr-x 2 root root 4096 Sep  9  2019 Desktop
drwxr-xr-x 2 root root 4096 Sep  9  2019 Videos
drwxr-xr-x 2 root root 4096 Sep  9  2019 Templates
drwxr-xr-x 2 root root 4096 Sep  9  2019 Public
drwxr-xr-x 2 root root 4096 Sep  9  2019 Pictures
drwxr-xr-x 2 root root 4096 Sep  9  2019 Music
drwxr-xr-x 2 root root 4096 Mar 12 15:09 Downloads
drwxr-xr-x 2 root root 4096 May 20 17:29 Documents
-rw-r--r-- 1 root root  228 May 24 12:44 192.168.18.6
-rw-r--r-- 1 root root 8367 May 24 12:50 unreal_nmap_out.xml
-rw-r--r-- 1 root root 1250 May 24 12:50 unreal_nmap_out.nmap
-rw-r--r-- 1 root root  490 May 24 12:50 unreal_nmap_out.gnmap
root@kali:~#  
